╭────────────────────────────────────────────────────────────────────────────────────────────────╮  
│  📜  Combined Activity Log                                                                     │  
│                                                                                                │  
│ [INIT] Application starting...                                                                 │  
│ [DEBUG] Debug mode enabled.                                                                    │  
│ [INFO] MC connection successful.                                                               │  
│                                                                                                │  
│                                                                                                │  
╰────────────────────────────────────────────────────────────────────────────────────────────────╯  
                                                                                                    