╔════════════════════════════════════╗╭────────────────────────────────────╮╭────────────────────────────────────╮      
║ ☸️ k8s-api MCP                     ║│ 🗄️ etcd MCP                        ││ ⚙️ other-proxy MCP                 │      
║                                    ║│                                    ││                                    │      
║ PID: N/A                           ║│ PID: N/A                           ││ PID: N/A                           │      
║ Port: N/A                          ║│ Port: N/A                          ││ Port: N/A                          │      