╭────────────────────────────────────╮╭────────────────────────────────────╮╭────────────────────────────────────╮      
│ ⚙ kubernetes MCP                   ││ ⚙ prometheus MCP                   ││ ⚙ grafana MCP                      │      
│                                    ││                                    ││                                    │      
│ Port: 8001 (SSE)                   ││ Port: 8002 (SSE)                   ││ Port: 8003 (SSE)                   │      
│ PID: N/A                           ││ PID: N/A                           ││ PID: N/A                           │      