╔════════════════════════════════════╗╭────────────────────────────────────╮╭────────────────────────────────────╮      
║ ☸️ k8s-api MCP                     ║│ 🗄️ etcd MCP                        ││ ⚙️ other-proxy MCP                 │      
║                                    ║│                                    ││                                    │      
║ PID: N/A                           ║│ PID: N/A                           ││ PID: N/A                           │      
║ Status: ▶ Running                  ║│ Status: ⚠ Not Started              ││ Status: ❌  Error: Faile...        │      