╭────────────────────────────────────╮╭────────────────────────────────────╮╭────────────────────────────────────╮      
│ 🔗  Service One                    ││ 🔗  My Pod                         ││                                    │      
│                                    ││                                    │╰────────────────────────────────────╯      
│ Port: :                            ││ Port: :                            │                                            
│ Svc:                               ││ Svc:                               │                                            
│ Status: ▶ Running                  ││ Status: ❌  Error: conne...        │                                            
╰────────────────────────────────────╯╰────────────────────────────────────╯                                            