[;m╭────────────────────────────────────╮[0m╭────────────────────────────────────╮╭────────────────────────────────────╮      
[;m│[0m 🔗  Service One                    [;m│[0m│ 📦  My Pod                         ││                                    │      
[;m│[0m                                    [;m│[0m│                                    │╰────────────────────────────────────╯      
[;m│[0m Port: 8080:80                      [;m│[0m│ Port: 9090:3000                    │                                            
[;m│[0m Target: service/service1           [;m│[0m│ Target: pod/mypod                  │                                            
[;m│[0m Status: ▶ Running                  [;m│[0m│ Status: ❌  Error: conne...        │                                            
[;m╰────────────────────────────────────╯[0m╰────────────────────────────────────╯                                            