  ⣾  envctl TUI - Press h for Help | Tab to Navigate | q to Quit                                                        
[;m╭────────────────────────────────────────────────────────╮[0m╭────────────────────────────────────────────────────────╮    
[;m│[0m ☸ MC: MC                                               [;m│[0m│ ☸ WC: WC (Active)                                      │    
[;m│[0m ⏳  Nodes: Loading...                                  [;m│[0m│ ⏳  Nodes: Loading...                                  │    
[;m╰────────────────────────────────────────────────────────╯[0m╰────────────────────────────────────────────────────────╯    
╭────────────────────────────────────╮╭────────────────────────────────────╮╭────────────────────────────────────╮      
│ 🔗  Prometheus (MC)                ││ 🔗  Grafana (MC)                   ││ 🔗  Alloy Metrics (WC)             │      
│                                    ││                                    ││                                    │      
│ Port: 8080:8080                    ││ Port: 3000:3000                    ││ Port: 12345:12345                  │      
│ Svc: mimir-query-frontend          ││ Svc: grafana                       ││ Svc: alloy-metrics-cluster         │      
│ Status: ▶ Running                  ││ Status: ⏳  Awaiting Setup...      ││ Status: ❌  Error: conne...        │      
╰────────────────────────────────────╯╰────────────────────────────────────╯╰────────────────────────────────────╯      
╭────────────────────────────────────╮╭────────────────────────────────────╮╭────────────────────────────────────╮      
│ ⚙ kubernetes MCP                   ││ ⚙ prometheus MCP                   ││ ⚙ grafana MCP                      │      
│                                    ││                                    ││                                    │      
│ Port: 8001 (SSE)                   ││ Port: 8002 (SSE)                   ││ Port: 8003 (SSE)                   │      
│ PID: 456                           ││ PID: N/A                           ││ PID: N/A                           │      
│ Status: ▶ Proxy Running - Healthy  ││ Status: ⏳  Initializing...        ││ Status: ⏳  Initializing...        │      
╭────────────────────────────────────────────────────────────────────────────────────────────────────────────────────╮  
│  📜  Combined Activity Log                                                                                         │  
│                                                                                                                    │  
│                                                                                                                    │  
│                                                                                                                    │  
│                                                                                                                    │  
│                                                                                                                    │  
│                                                                                                                    │  
│                                                                                                                    │  
│                                                                                                                    │  
│                                                                                                                    │  
╰────────────────────────────────────────────────────────────────────────────────────────────────────────────────────╯  
                                                                                                                        
⣾                                                                                                 ☸  MC: MC / ☸  WC: WC 