                                                                                                    
                                                                                                    
                                                                                                    
            ╭──────────────────────────────────────────────────────────────────────────╮            
            │                                                                          │            
            │   ⚙  MCP Configuration  (↑/↓ scroll  •  y copy  •  Esc close)            │            
            │                                                                          │            
            │                                                                          │            
            │                                                                          │            
            │                                                                          │            
            │                                                                          │            
            │                                                                          │            
            │                                                                          │            
            │                                                                          │            
            │                                                                          │            
            │                                                                          │            
            │                                                                          │            
            │                                                                          │            
            │                                                                          │            
            │                                                                          │            
            │                                                                          │            
            │                                                                          │            
            │                                                                          │            
            │                                                                          │            
            │                                                                          │            
            ╰──────────────────────────────────────────────────────────────────────────╯            
                                                                                                    
                                                                                                    
                                                                                                    
⣾                                                                             ☸  MC: MC / ☸  WC: WC 