                                                                                                    
                                                                                                    
                                                                                                    
            ╭──────────────────────────────────────────────────────────────────────────╮            
            │                                                                          │            
            │   ⚙  MCP Configuration  (↑/↓ scroll  •  y copy  •  Esc close)            │            
            │                                                                          │            
            │  {"mcpServers":[{"name":"kubernetes-                                     │            
            │  mcp","url":"local://kubernetes","descri                                 │            
            │                                                                          │            
            │                                                                          │            
            │                                                                          │            
            │                                                                          │            
            │                                                                          │            
            │                                                                          │            
            │                                                                          │            
            │                                                                          │            
            │                                                                          │            
            │                                                                          │            
            │                                                                          │            
            │                                                                          │            
            │                                                                          │            
            │                                                                          │            
            │                                                                          │            
            ╰──────────────────────────────────────────────────────────────────────────╯            
                                                                                                    
                                                                                                    
                                                                                                    
                                                                                                    
⣾                                                                             ☸  MC: MC / ☸  WC: WC 