  ⣾  envctl TUI - Press h for Help | Tab to Navigate | q to Quit                                                        
╭────────────────────────────────────────────────────────╮╭────────────────────────────────────────────────────────╮    
│ ☸ MC: MC                                               ││ ☸ WC: WC (Active)                                      │    
│ ⏳  Nodes: Loading...                                  ││ ⏳  Nodes: Loading...                                  │    
╰────────────────────────────────────────────────────────╯╰────────────────────────────────────────────────────────╯    
[;m╭────────────────────────────────────╮[0m╭────────────────────────────────────╮╭────────────────────────────────────╮      
[;m│[0m 🔗  mc-prometheus                  [;m│[0m│ 🔗  mc-grafana                     ││ 🔗  alloy-metrics                  │      
[;m│[0m                                    [;m│[0m│                                    ││                                    │      
[;m│[0m Port: 8080:80                      [;m│[0m│ Port: 3000:3000                    ││ Port: 12345:12345                  │      
[;m│[0m Target: service/mimir-query-       [;m│[0m│ Target: service/grafana            ││ Target: service/alloy-metrics      │      
[;m│[0m frontend                           [;m│[0m│ Status: ⏳  Initializing...        ││ Status: ⏳  Initializing...        │      
[;m│[0m Status: ▶ Running                  [;m│[0m╰────────────────────────────────────╯╰────────────────────────────────────╯      
[;m╰────────────────────────────────────╯[0m                                                                                  
╭────────────────────────────────────╮╭────────────────────────────────────╮╭────────────────────────────────────╮      
│ ☸ kubernetes MCP                   ││ 🔥  prometheus MCP                 ││ 📊  grafana MCP                    │      
│                                    ││                                    ││                                    │      
│ PID: N/A                           ││ PID: N/A                           ││ PID: N/A                           │      
│ Port: 8001                         ││ Port: 8002                         ││ Port: 8003                         │      
│ Status: ▶ Proxy Running - Healthy  ││ Status: ⏳  Initializing...        ││ Status: ⏳  Initializing...        │      
╭────────────────────────────────────────────────────────────────────────────────────────────────────────────────────╮  
│  📜  Combined Activity Log                                                                                         │  
│                                                                                                                    │  
│                                                                                                                    │  
│                                                                                                                    │  
│                                                                                                                    │  
│                                                                                                                    │  
│                                                                                                                    │  
│                                                                                                                    │  
│                                                                                                                    │  
╰────────────────────────────────────────────────────────────────────────────────────────────────────────────────────╯  
                                                                                                                        
⣾                                                                                                 ☸  MC: MC / ☸  WC: WC 